input hashes: all match
human esm2: (810, 1280), symbols 810
pool: 1279/1282 (scyeast-covered 1262)
primary pairs (V5.1 frozen ∩ B2-available): 752/753
extended pairs (descriptive): 15
  A recipe: npc*=3 picks={'ridge': {'hyper': 1.0, 'train_auc': 0.9994873138565002}, 'anchored': {'hyper': 1.0, 'train_auc': 0.9997107588395417}, 'pls': {'hyper': 8, 'train_auc': 0.958406480632342}}
  A armA_no_align: test auc=0.7467 p=1.5e-23
  A armB_unsup_pc1: test auc=0.9638 p=3.7e-78
  A armC_joint: test auc=0.8770 p=2.4e-52
  A ΔAUC C_vs_A: +0.1312 CI[+0.0707,+0.1930]
  A ΔAUC C_vs_B: -0.0870 CI[-0.1152,-0.0600]
  A ΔAUC B_vs_A: +0.2182 CI[+0.1640,+0.2732]
  A OOF C-vs-A: +0.0283 p=0
  A OOF C-vs-B: -0.0013 p=0.726
  A any-hit@10: B=0.9109 C=0.8005 p=1
  A gates: primary=True secondary=True | upgraded C>B claim: False
  basic-structure queries: 207/207 (dropped: [])
  yeast labeled refs: 692
  basic structure: human-only=0.365 yeast-only=0.356 joint=0.403 comp=0.350
  G1 Δ=+0.0522 p=0 pass=True
  G2 vs h: Δ=+0.0380 p=0.05127 | vs y: Δ=+0.0462 p=0.001465 pass=False
  joint picks: {'triple_hyj9|k=5': 1, 'triple_hyj9|k=20': 34}
saved: /public/home/mengxl/dzy/yeastbridge_re_mvp_stage_20260901/v9_esm2_basic_20260912/results/result.json
GATES: G1(joint>最优单臂)=True G2(joint显著最优)=False G3(跨物种匹配显著)=True
